\BOOKMARK [0][-]{chapter.1}{\376\377\000I\000n\000t\000r\000o\000d\000u\000c\000t\000i\000o\000n}{}% 1
\BOOKMARK [1][-]{section.1.1}{\376\377\000B\000a\000c\000k\000g\000r\000o\000u\000n\000d\000\040\000a\000n\000d\000\040\000M\000o\000t\000i\000v\000a\000t\000i\000o\000n}{chapter.1}% 2
\BOOKMARK [1][-]{section.1.2}{\376\377\000M\000e\000t\000h\000o\000d\000o\000l\000o\000g\000i\000c\000a\000l\000\040\000S\000y\000n\000t\000h\000e\000s\000i\000s\000:\000\040\000A\000t\000a\000r\000e\000e\000\040\000a\000n\000d\000\040\000K\000S\000h\000i\000e\000l\000d}{chapter.1}% 3
\BOOKMARK [0][-]{chapter.2}{\376\377\000A\000r\000c\000h\000i\000t\000e\000c\000t\000u\000r\000a\000l\000\040\000F\000r\000a\000m\000e\000w\000o\000r\000k}{}% 4
\BOOKMARK [1][-]{section.2.1}{\376\377\000T\000h\000e\000\040\000M\000a\000n\000a\000g\000e\000r\000:\000\040\000C\000o\000n\000t\000r\000o\000l\000\040\000P\000l\000a\000n\000e}{chapter.2}% 5
\BOOKMARK [1][-]{section.2.2}{\376\377\000T\000h\000e\000\040\000A\000g\000e\000n\000t\000:\000\040\000K\000e\000r\000n\000e\000l\000\040\000T\000e\000l\000e\000m\000e\000t\000r\000y\000\040\000D\000r\000o\000n\000e}{chapter.2}% 6
\BOOKMARK [2][-]{subsection.2.2.1}{\376\377\000E\000x\000e\000c\000u\000t\000i\000o\000n\000\040\000T\000r\000a\000c\000i\000n\000g\000\040\000v\000i\000a\000\040\000K\000p\000r\000o\000b\000e\000s}{section.2.2}% 7
\BOOKMARK [1][-]{section.2.3}{\376\377\000S\000h\000a\000r\000e\000d\000\040\000B\000u\000f\000f\000e\000r\000\040\000R\000i\000n\000g\000\040\000I\000n\000t\000e\000r\000c\000o\000m\000m\000u\000n\000i\000c\000a\000t\000i\000o\000n}{chapter.2}% 8
\BOOKMARK [0][-]{chapter.3}{\376\377\000L\000i\000n\000u\000x\000\040\000S\000e\000c\000u\000r\000i\000t\000y\000\040\000M\000o\000d\000u\000l\000e\000s\000\040\000\050\000L\000S\000M\000\051\000\040\000E\000n\000f\000o\000r\000c\000e\000m\000e\000n\000t}{}% 9
\BOOKMARK [1][-]{section.3.1}{\376\377\000N\000a\000t\000i\000v\000e\000\040\000H\000o\000o\000k\000\040\000D\000e\000p\000l\000o\000y\000m\000e\000n\000t}{chapter.3}% 10
\BOOKMARK [1][-]{section.3.2}{\376\377\000M\000a\000p\000\040\000S\000y\000n\000c\000h\000r\000o\000n\000i\000z\000a\000t\000i\000o\000n}{chapter.3}% 11
\BOOKMARK [0][-]{chapter.4}{\376\377\000Z\000e\000r\000o\000-\000D\000a\000y\000\040\000D\000e\000t\000e\000c\000t\000o\000r\000\040\000M\000e\000c\000h\000a\000n\000i\000c\000s}{}% 12
\BOOKMARK [1][-]{section.4.1}{\376\377\000T\000h\000e\000\040\000T\000O\000M\000L\000\040\000E\000x\000t\000e\000n\000s\000i\000b\000i\000l\000i\000t\000y\000\040\000M\000o\000d\000e\000l}{chapter.4}% 13
\BOOKMARK [2][-]{subsection.4.1.1}{\376\377\000S\000t\000a\000n\000d\000a\000r\000d\000\040\000D\000e\000t\000e\000c\000t\000o\000r\000\040\000F\000o\000r\000m\000a\000t}{section.4.1}% 14
\BOOKMARK [1][-]{section.4.2}{\376\377\000A\000c\000t\000i\000v\000e\000\040\000E\000x\000p\000l\000o\000i\000t\000\040\000V\000a\000l\000i\000d\000a\000t\000i\000o\000n\000s}{chapter.4}% 15
\BOOKMARK [2][-]{subsection.4.2.1}{\376\377\000C\000V\000E\000-\0002\0000\0002\0006\000-\0004\0006\0003\0003\0003\000:\000\040\000`\000p\000i\000d\000f\000d\000g\000e\000t\000f\000d\000`\000\040\000R\000a\000c\000e\000\040\000C\000o\000n\000d\000i\000t\000i\000o\000n}{section.4.2}% 16
\BOOKMARK [2][-]{subsection.4.2.2}{\376\377\000C\000V\000E\000-\0002\0000\0002\0006\000-\0004\0003\0002\0008\0004\000:\000\040\000E\000S\000P\000-\000i\000n\000-\000U\000D\000P\000\040\000S\000p\000l\000i\000c\000e\000\040\000M\000o\000d\000i\000f\000i\000c\000a\000t\000i\000o\000n}{section.4.2}% 17
\BOOKMARK [0][-]{chapter.5}{\376\377\000G\000r\000a\000p\000h\000i\000c\000a\000l\000\040\000U\000s\000e\000r\000\040\000I\000n\000t\000e\000r\000f\000a\000c\000e\000\040\000\046\000\040\000S\000e\000c\000u\000r\000i\000t\000y\000\040\000D\000a\000s\000h\000b\000o\000a\000r\000d}{}% 18
\BOOKMARK [1][-]{section.5.1}{\376\377\000D\000a\000s\000h\000b\000o\000a\000r\000d\000\040\000I\000n\000f\000r\000a\000s\000t\000r\000u\000c\000t\000u\000r\000e}{chapter.5}% 19
\BOOKMARK [0][-]{chapter.6}{\376\377\000F\000u\000t\000u\000r\000e\000\040\000E\000x\000t\000e\000n\000s\000i\000o\000n\000\040\000E\000c\000o\000s\000y\000s\000t\000e\000m\000:\000\040\000T\000h\000r\000e\000a\000t\000\040\000S\000i\000g\000n\000a\000t\000u\000r\000e\000s}{}% 20
\BOOKMARK [1][-]{section.6.1}{\376\377\000H\000y\000b\000r\000i\000d\000\040\000U\000s\000e\000r\000s\000p\000a\000c\000e\000\040\000a\000n\000d\000\040\000B\000P\000F\000\040\000A\000n\000t\000i\000-\000V\000i\000r\000u\000s\000\040\000I\000m\000p\000l\000e\000m\000e\000n\000t\000a\000t\000i\000o\000n}{chapter.6}% 21
\BOOKMARK [0][-]{chapter.7}{\376\377\000T\000e\000s\000t\000i\000n\000g\000\040\000a\000n\000d\000\040\000V\000e\000r\000i\000f\000i\000c\000a\000t\000i\000o\000n}{}% 22
\BOOKMARK [0][-]{chapter.8}{\376\377\000C\000o\000n\000c\000l\000u\000s\000i\000o\000n}{}% 23
\BOOKMARK [0][-]{chapter.9}{\376\377\000R\000e\000f\000e\000r\000e\000n\000c\000e\000s}{}% 24
